// Jest Snapshot v1, https://goo.gl/fbAQLP

exports[`class PantryItem extends _react.Component {
    constructor(props) {
        super(props);
        this.state = {};
        this.removePantryItemHandler = this.removePantryItemHandler.bind(this);
    }

    removePantryItemHandler() {
        this.props.removePantryItem(this.props.name);
    }

    render() {
        return (
            _react2.default.createElement('div', { className: 'pantry-item', __source: { fileName: _jsxFileName, lineNumber: 17 }, __self: this },
                this.props.name, ' ', this.props.quantity, '\\xA0 \\xA0',

                _react2.default.createElement('button', { className: 'remove', onClick: this.removePantryItemHandler, __source: { fileName: _jsxFileName, lineNumber: 20 }, __self: this }, 'Remove')));


    }} renders and matches our snapshot 1`] = `
<div
  className="pantry-item"
>
  Flour
   
     
  <button
    className="remove"
    onClick={[Function]}
  >
    Remove
  </button>
</div>
`;
